XXXXa
X[!]X[!]X[!]a
XX(a & X(a & Xa))
XX(a & X(a & Xa))
XX(a | X(a | Xa))
XX(a | X(a | Xa))
XXFa
XXFa
X[!]X[!]Fa
X[!]X[!](a | X[!]a)
b | XXXXa
b | XX(a & X(a & Xa))
b | XX(a & X(a & Xa))
b | XXGa
b | XXGa
b | X[!]X[!]Ga
b | X[!]X[!](a & X[!]a)
b | XX(a | X(a | Xa))
XX(a | X(a | Xa)) | XXb
FGa | Gb | XGc
{{a && b};c;1;d}[]-> e
{{a[*]:b[*]};c[*];1;d[*]}[]-> e
{{[*2];a}[*];b}[]-> e
{a:{[*0..3];b}}[]-> e
{{a[*];[*0..3]}:b}[]-> e
{a:{[*0..3];b[*]}}[]-> e
{{a[*]:b[*]} | {a[*];[*0..2];b[*]}}[]-> e
{a;[*];b}[]-> e
{a:{[*];b}}[]-> e
{a:{[*0..1];b}}[]-> e
{[*0..3];b}[]-> e
{[*0..2];b[*]}[]-> e
{[*1..2];b[*]}[]-> e
{a;[*];b}[]-> e
{[*];b}[]-> e
{a[->];b}!
{{!a}[+];a;b}!
{{!a}[*3];a;b}!
{a[->2..3];b}!
