HOA: v1
name: "TGDRA for p0 || XG(p1 && F!p0)"
States: 4
Start: 2
AP: 2 "p0" "p1"
acc-name: generalized-Rabin 3 0 0 1
Acceptance: 4 (Fin(0)|Fin(1)) | (Fin(2) & Inf(3))
properties: trans-labels explicit-labels trans-acc complete
properties: deterministic
--BODY--
State: 0 "[]"
[t] 0 {0 1 2}
State: 1 "[{}]"
[t] 1 {1 2}
State: 2 "[{1}, {9}]"
[0] 1 {1 2}
[!0&!1] 3 {0 1 2}
[!0&1] 3 {0 3}
State: 3 "[{8}]"
[0&1] 3 {0 1}
[!0&1] 3 {0 3}
[!1] 0 {0 1 2}
--END--
