HOA: v1
States: 6
Start: 0
AP: 4 "c" "d" "a" "b"
acc-name: generalized-Buchi 2
Acceptance: 2 Inf(0)&Inf(1)
properties: implicit-labels state-acc complete deterministic
properties: stutter-invariant
--BODY--
State: 0
1 0 2 2 1 0 2 2 1 0 2 2 1 0 2 2
State: 1
1 1 1 1 1 1 1 1 1 1 1 1 1 1 1 1
State: 2 {0 1}
3 3 3 3 4 4 4 4 5 5 5 5 2 2 2 2
State: 3
3 3 3 3 4 4 4 4 5 5 5 5 2 2 2 2
State: 4 {0}
3 3 3 3 4 4 4 4 5 5 5 5 2 2 2 2
State: 5 {1}
3 3 3 3 4 4 4 4 5 5 5 5 2 2 2 2
--END--
